# Pre-incident verifier samples (working deep path).
# Compare seed_hex → sk_hex across epochs; compare message_hex to payload.

## sample_a
epoch=10
lane_id=0x01
payload=ts=800;hold=0;tag=a1
domain_ascii=WAUV
message_hex=57415556000a0174733d3830303b686f6c643d303b7461673d6131
seed_hex=c3a7f1b8
key_dom_hex=776175762e763100
sk_hex=1db5f20538cf2b0a1d992b90265853b0e5618d12008e9490bca1878f45cc961d
pubkey_hex=dd7e43382c44147a531e867b24ee31f66b23de6a8e3dddc2c6bc1f6fbce24021
sig_hex=f011d251d7b57684ef56c91e6bfb68000e800859ecdeb1e8109d90b5a2e2b28c72a1a04cc5ea5beb64500bb30a1cbd467b7d8b6a18f15c2ea07c036101687f0a
frame_hex=a501000a001474733d3830303b686f6c643d303b7461673d6131f011d251d7b57684ef56c91e6bfb68000e800859ecdeb1e8109d90b5a2e2b28c72a1a04cc5ea5beb64500bb30a1cbd467b7d8b6a18f15c2ea07c036101687f0a
verdict=ok

## sample_b
epoch=20
lane_id=0x01
payload=ts=1500;hold=0;tag=b1
domain_ascii=WAUV
message_hex=5741555600140174733d313530303b686f6c643d303b7461673d6231
seed_hex=c3a7f1b8
key_dom_hex=776175762e763100
sk_hex=e9449065507033efcca728fd12acddf5af141cbe49f0eeb3dd1725ad05b63962
pubkey_hex=3245ee55d5ebf46b2ce255fa7cb165faf1743c2bfeed3bf99441ff19523cda44
sig_hex=eb3db0934b37e925706a0ebb90eea2c2053b2fd10c61803530dbd33f8ed4d7ec3cacf0ea0305ebdbfdc8908b163ce0cf9c30051105be2d52b4b636ce9f5fbd09
frame_hex=a5010014001574733d313530303b686f6c643d303b7461673d6231eb3db0934b37e925706a0ebb90eea2c2053b2fd10c61803530dbd33f8ed4d7ec3cacf0ea0305ebdbfdc8908b163ce0cf9c30051105be2d52b4b636ce9f5fbd09
verdict=ok

## sample_c
epoch=40
lane_id=0x03
payload=ts=1000;hold=0;tag=d1
domain_ascii=WAUV
message_hex=5741555600280374733d313030303b686f6c643d303b7461673d6431
seed_hex=c3a7f1b8
key_dom_hex=776175762e763100
sk_hex=6593b0445855d69d21b8abe288370c8ec6fd31c5db762323c1c66b9451da1417
pubkey_hex=6f9b895d8d941d2e6bac444cfe663f66fffcfd1c67b66071008c04e1755bf731
sig_hex=797f8befc9f36612e48eaba0b2a9187f52082502a0ba4bc09df4c81bc076008a290b1d1cddb39fe55097b327ed7540b9926b5c14246e5e604a5800541ac75a0e
frame_hex=a5030028001574733d313030303b686f6c643d303b7461673d6431797f8befc9f36612e48eaba0b2a9187f52082502a0ba4bc09df4c81bc076008a290b1d1cddb39fe55097b327ed7540b9926b5c14246e5e604a5800541ac75a0e
verdict=ok
